// Vitest Snapshot v1, https://vitest.dev/guide/snapshot.html

exports[`Public API > download() > should accept a custom downloader 1`] = `"https://github.com/electron/electron/releases/download/v2.0.3/electron-v2.0.3-platform-arch.zip"`;
